
> position-tracker@0.0.0 build
> tsc -b && vite build

src/components/CsvImporter.tsx(3,33): error TS2307: Cannot find module '../store/useProjectStore' or its corresponding type declarations.
src/components/CsvImporter.tsx(130,63): error TS2304: Cannot find name 'activeProjectId'.
src/components/CsvImporter.tsx(153,47): error TS2304: Cannot find name 'activeProjectId'.
src/components/CsvImporter.tsx(163,66): error TS2304: Cannot find name 'activeProjectId'.
src/components/CsvImporter.tsx(190,109): error TS2304: Cannot find name 'activeProjectId'.
src/components/CsvImporter.tsx(217,9): error TS6133: 'activeProjectId' is declared but its value is never read.
src/components/Onboarding.tsx(162,37): error TS6133: 'idx' is declared but its value is never read.
src/components/Onboarding.tsx(228,10): error TS6133: 'ActionMarker' is declared but its value is never read.
src/components/ProjectSelector.tsx(3,27): error TS6133: 'DEFAULT_PROJECT_ID' is declared but its value is never read.
src/components/ProjectSelector.tsx(3,53): error TS2307: Cannot find module '../store/useProjectStore' or its corresponding type declarations.
src/components/ProjectSelector.tsx(59,21): error TS7006: Parameter 'p' implicitly has an 'any' type.
src/hooks/useActions.ts(3,33): error TS2307: Cannot find module '../store/useProjectStore' or its corresponding type declarations.
src/hooks/useActions.ts(49,16): error TS2345: Argument of type '{ id: any; name: any; date: any; is_global: any; category_id: any; category: ActionCategory | undefined; notes: any; time_spent: any; url_ids: string[]; unranked_url_ids: string[]; created_at: any; }[]' is not assignable to parameter of type 'SetStateAction<Action[]>'.
  Type '{ id: any; name: any; date: any; is_global: any; category_id: any; category: ActionCategory | undefined; notes: any; time_spent: any; url_ids: string[]; unranked_url_ids: string[]; created_at: any; }[]' is not assignable to type 'Action[]'.
    Property 'owner_id' is missing in type '{ id: any; name: any; date: any; is_global: any; category_id: any; category: ActionCategory | undefined; notes: any; time_spent: any; url_ids: string[]; unranked_url_ids: string[]; created_at: any; }' but required in type 'Action'.
src/hooks/useActions.ts(70,18): error TS2345: Argument of type '{ id: any; name: any; planned_date: any; category_id: any; category: ActionCategory | undefined; is_global: any; notes: any; priority: any; status: any; estimated_time: any; url_ids: string[]; unranked_url_ids: string[]; created_at: any; }[]' is not assignable to parameter of type 'SetStateAction<RoadmapAction[]>'.
  Type '{ id: any; name: any; planned_date: any; category_id: any; category: ActionCategory | undefined; is_global: any; notes: any; priority: any; status: any; estimated_time: any; url_ids: string[]; unranked_url_ids: string[]; created_at: any; }[]' is not assignable to type 'RoadmapAction[]'.
    Property 'owner_id' is missing in type '{ id: any; name: any; planned_date: any; category_id: any; category: ActionCategory | undefined; is_global: any; notes: any; priority: any; status: any; estimated_time: any; url_ids: string[]; unranked_url_ids: string[]; created_at: any; }' but required in type 'RoadmapAction'.
src/hooks/useKeywordsData.ts(3,33): error TS2307: Cannot find module '../store/useProjectStore' or its corresponding type declarations.
src/hooks/usePositionsData.ts(4,33): error TS2307: Cannot find module '../store/useProjectStore' or its corresponding type declarations.
src/hooks/useUrlsData.ts(3,33): error TS2307: Cannot find module '../store/useProjectStore' or its corresponding type declarations.
src/tabs/ActionsTab.tsx(96,35): error TS2339: Property 'owners' does not exist on type '{ actions: Action[]; roadmap: RoadmapAction[]; categories: ActionCategory[]; unrankedUrls: UnrankedUrl[]; loading: boolean; createAction: (input: { ...; }) => Promise<...>; ... 9 more ...; refetch: () => Promise<...>; }'.
src/tabs/ActionsTab.tsx(97,5): error TS2339: Property 'createOwner' does not exist on type '{ actions: Action[]; roadmap: RoadmapAction[]; categories: ActionCategory[]; unrankedUrls: UnrankedUrl[]; loading: boolean; createAction: (input: { ...; }) => Promise<...>; ... 9 more ...; refetch: () => Promise<...>; }'.
src/tabs/ActionsTab.tsx(97,18): error TS2339: Property 'deleteOwner' does not exist on type '{ actions: Action[]; roadmap: RoadmapAction[]; categories: ActionCategory[]; unrankedUrls: UnrankedUrl[]; loading: boolean; createAction: (input: { ...; }) => Promise<...>; ... 9 more ...; refetch: () => Promise<...>; }'.
src/tabs/ActionsTab.tsx(249,35): error TS7006: Parameter 'o' implicitly has an 'any' type.
src/tabs/ActionsTab.tsx(339,56): error TS7006: Parameter 'o' implicitly has an 'any' type.
src/tabs/ActionsTab.tsx(342,91): error TS7006: Parameter 'o' implicitly has an 'any' type.
src/tabs/ActionsTab.tsx(344,27): error TS7006: Parameter 'o' implicitly has an 'any' type.
src/tabs/ActionsTab.tsx(351,31): error TS7006: Parameter 'o' implicitly has an 'any' type.
src/tabs/ActionsTab.tsx(538,29): error TS7006: Parameter 'o' implicitly has an 'any' type.
src/tabs/ActionsTab.tsx(551,43): error TS7006: Parameter 'o' implicitly has an 'any' type.
src/tabs/ActionsTab.tsx(605,43): error TS7006: Parameter 'o' implicitly has an 'any' type.
src/tabs/ChartTab.tsx(29,10): error TS6133: 'median' is declared but its value is never read.
src/tabs/ChartTab.tsx(51,10): error TS6133: 'medianFn' is declared but its value is never read.
src/tabs/ChartTab.tsx(53,10): error TS6133: 'evoArrow' is declared but its value is never read.
src/tabs/ChartTab.tsx(300,40): error TS6133: 'categoryColor' is declared but its value is never read.
src/tabs/ChartTab.tsx(317,43): error TS6133: 'categoryColor' is declared but its value is never read.
src/tabs/ChartTab.tsx(390,33): error TS6133: 'keywordVolumeSeries' is declared but its value is never read.
src/tabs/ChartTab.tsx(783,11): error TS6133: 'positions' is declared but its value is never read.
src/tabs/JournalTab.tsx(12,7): error TS6133: 'C' is declared but its value is never read.
src/tabs/JournalTab.tsx(159,11): error TS6133: 'dateSet' is declared but its value is never read.
src/tabs/KeywordsTab.tsx(10,33): error TS2339: Property 'cannibalisations' does not exist on type '{ keywords: Keyword[]; categories: KeywordCategory[]; loading: boolean; addTag: (kwId: string, catId: string) => Promise<void>; removeTag: (kwId: string, catId: string) => Promise<...>; ... 4 more ...; reload: () => Promise<...>; }'.
src/tabs/KeywordsTab.tsx(21,53): error TS2339: Property 'cannibalised' does not exist on type 'Keyword'.
src/tabs/KeywordsTab.tsx(25,44): error TS2339: Property 'cannibalised' does not exist on type 'Keyword'.
src/tabs/KeywordsTab.tsx(101,41): error TS7006: Parameter 'c' implicitly has an 'any' type.
src/tabs/KeywordsTab.tsx(186,32): error TS2339: Property 'cannibalised' does not exist on type 'Keyword'.
src/tabs/KeywordsTab.tsx(191,105): error TS2339: Property 'cannibalised' does not exist on type 'Keyword'.
src/tabs/KeywordsTab.tsx(192,74): error TS2339: Property 'cannibalised' does not exist on type 'Keyword'.
src/tabs/KeywordsTab.tsx(199,25): error TS2339: Property 'cannibalised' does not exist on type 'Keyword'.
src/tabs/KeywordsTab.tsx(206,87): error TS2339: Property 'cannibalised' does not exist on type 'Keyword'.
